11-09 17:07:50.716  7877  7907 I TestRunner: started: testBackButton(com.example.breadheadsinventorymanager.ItemDetailsActivityTest)
11-09 17:07:50.734  7877  7907 W Settings: Setting always_finish_activities has moved from android.provider.Settings.System to android.provider.Settings.Global, returning read-only value.
11-09 17:07:50.775  7877  7877 D LifecycleMonitor: Lifecycle status change: com.example.breadheadsinventorymanager.MainActivity@51ff5 in: PRE_ON_CREATE
11-09 17:07:50.775  7877  7877 V ActivityScenario: Activity lifecycle changed event received but ignored because the reported transition was not ON_CREATE while the last known transition was PRE_ON_CREATE
11-09 17:07:50.860  7877  7877 D LifecycleMonitor: Lifecycle status change: com.example.breadheadsinventorymanager.MainActivity@51ff5 in: CREATED
11-09 17:07:50.861  7877  7877 V ActivityScenario: Update currentActivityStage to CREATED, currentActivity=com.example.breadheadsinventorymanager.MainActivity@51ff5
11-09 17:07:50.863  7877  7877 D LifecycleMonitor: Lifecycle status change: com.example.breadheadsinventorymanager.MainActivity@51ff5 in: STARTED
11-09 17:07:50.863  7877  7877 V ActivityScenario: Update currentActivityStage to STARTED, currentActivity=com.example.breadheadsinventorymanager.MainActivity@51ff5
11-09 17:07:50.866  7877  7877 D LifecycleMonitor: Lifecycle status change: com.example.breadheadsinventorymanager.MainActivity@51ff5 in: RESUMED
11-09 17:07:50.866  7877  7877 V ActivityScenario: Update currentActivityStage to RESUMED, currentActivity=com.example.breadheadsinventorymanager.MainActivity@51ff5
11-09 17:07:50.873   874   941 E OpenGLRenderer: Unable to match the desired swap behavior.
11-09 17:07:50.880   874   941 D EGL_emulation: app_time_stats: avg=13.62ms min=1.08ms max=55.46ms count=12
11-09 17:07:50.898  7877  7877 D AutofillManager: view not autofillable - not passing ime action check
11-09 17:07:50.931  7877  7916 E OpenGLRenderer: Unable to match the desired swap behavior.
11-09 17:07:50.969   532   548 W ziparchive: Unable to open '/data/app/~~DqZ5GTF6JDUyGv9MUaBzFQ==/com.example.breadheadsinventorymanager-5fu3sh9agi6kTceehSwmdg==/base.dm': No such file or directory
11-09 17:07:50.971   532   548 I ActivityTaskManager: Displayed com.example.breadheadsinventorymanager/.MainActivity for user 0: +226ms
11-09 17:07:51.016   532  2289 I ImeTracker: com.example.breadheadsinventorymanager:f785a3c2: onRequestHide at ORIGIN_SERVER_HIDE_INPUT reason HIDE_UNSPECIFIED_WINDOW
11-09 17:07:51.017   532  2289 I ImeTracker: com.example.breadheadsinventorymanager:f785a3c2: onCancelled at PHASE_SERVER_SHOULD_HIDE
11-09 17:07:51.019  1563  1563 I GoogleInputMethodService: GoogleInputMethodService.onFinishInput():3227
11-09 17:07:51.021  1563  1563 I GoogleInputMethodService: GoogleInputMethodService.updateDeviceLockedStatus():2087 repeatCheckTimes = 0, unlocked = true
11-09 17:07:51.021  1563  1563 I GoogleInputMethodService: GoogleInputMethodService.onStartInput():1877 onStartInput(EditorInfo{inputType=0x0(NULL) imeOptions=0x0 privateImeOptions=null actionName=UNSPECIFIED actionLabel=null actionId=0 initialSelStart=-1 initialSelEnd=-1 initialCapsMode=0x0 hintText=null label=null packageName=com.example.breadheadsinventorymanager fieldId=0 fieldName=null extras=null}, false)
11-09 17:07:51.022  1563  1563 I GoogleInputMethodService: GoogleInputMethodService.shouldHideHeaderOnInitialState():4008 ShouldHideHeaderOnInitialState = false
11-09 17:07:51.022  1563  1563 I GoogleInputMethodService: GoogleInputMethodService.updateDeviceLockedStatus():2087 repeatCheckTimes = 2, unlocked = true
11-09 17:07:51.039  7877  7877 D FirestoreInteract.java: 61gHYS8TFvTtKIqIH3DM => {date=01/01/2023, serialNum=null, description=Sample Item, comment=Sample Comment, model=Sample Model, value=100000, make=Sample Make, tags=[]}
11-09 17:07:51.064   874   926 W WindowOnBackDispatcher: sendCancelIfRunning: isInProgress=falsecallback=android.view.ViewRootImpl$$ExternalSyntheticLambda17@fae364f
11-09 17:07:51.065   532   546 W InputManager-JNI: Input channel object 'a93e90c Splash Screen com.example.breadheadsinventorymanager.test (client)' was disposed without first being removed with the input manager!
11-09 17:07:51.166   874   926 W FrameTracker: Missed App frame:UNKNOWN: 24, 47589, 0, CUJ=J<SPLASHSCREEN_EXIT_ANIM>
11-09 17:07:51.166   874   926 W FrameTracker: Missed SF frame:UNKNOWN: 24, 47589, 0, CUJ=J<SPLASHSCREEN_EXIT_ANIM>
11-09 17:07:51.166   874   926 W FrameTracker: Missing HWUI jank callback for vsyncId: 47589, CUJ=J<SPLASHSCREEN_EXIT_ANIM>
11-09 17:07:51.166   874   926 W FrameTracker: Missing SF jank callback for vsyncId: 47618, CUJ=J<SPLASHSCREEN_EXIT_ANIM>
11-09 17:07:51.166   874   926 W FrameTracker: Missed App frame:UNKNOWN: 88, 47691, 0, CUJ=J<SPLASHSCREEN_EXIT_ANIM>
11-09 17:07:51.166   874   926 W FrameTracker: Missed SF frame:UNKNOWN: 88, 47691, 0, CUJ=J<SPLASHSCREEN_EXIT_ANIM>
11-09 17:07:51.166   874   926 W FrameTracker: Missing HWUI jank callback for vsyncId: 47691, CUJ=J<SPLASHSCREEN_EXIT_ANIM>
11-09 17:07:51.166   874   926 W FrameTracker: Missed App frame:UNKNOWN: 88, 47736, 0, CUJ=J<SPLASHSCREEN_EXIT_ANIM>
11-09 17:07:51.166   874   926 W FrameTracker: Missed SF frame:UNKNOWN: 88, 47736, 0, CUJ=J<SPLASHSCREEN_EXIT_ANIM>
11-09 17:07:51.166   874   926 W FrameTracker: Missing HWUI jank callback for vsyncId: 47736, CUJ=J<SPLASHSCREEN_EXIT_ANIM>
11-09 17:07:51.166   874   926 W FrameTracker: Missing SF jank callback for vsyncId: 47905, CUJ=J<SPLASHSCREEN_EXIT_ANIM>
11-09 17:07:51.168  7960  7960 W WindowOnBackDispatcher: sendCancelIfRunning: isInProgress=falsecallback=android.view.ViewRootImpl$$ExternalSyntheticLambda17@3d59c38
11-09 17:07:51.171   532  2289 W InputManager-JNI: Input channel object 'def6670 com.example.breadheadsinventorymanager.test/androidx.test.core.app.InstrumentationActivityInvoker$EmptyActivity (client)' was disposed without first being removed with the input manager!
11-09 17:07:51.213  7877  7999 D ProfileInstaller: Installing profile for com.example.breadheadsinventorymanager
11-09 17:07:51.259  7877  7877 I ViewInteraction: Performing 'single click' action on view view.getId() is <2131230793/com.example.breadheadsinventorymanager:id/add_item>
11-09 17:07:51.269  1139  2205 D OneSearchSuggestProvider: Shut down the binder channel
11-09 17:07:51.270  1139  7949 I IPCThreadState: oneway function results for code 2 on binder at 0x7e80fc440aa0 will be dropped but finished with status UNKNOWN_TRANSACTION
11-09 17:07:51.274  2887  3542 I PBSessionCacheImpl: Deleted sessionId[12698859851839234] from persistence.
11-09 17:07:51.278   874   874 E BackGestureTfClassifier: cannot predict; model not loaded
11-09 17:07:51.284  1139  1192 I ImeTracker: com.google.android.apps.nexuslauncher:79204d03: onRequestHide at ORIGIN_CLIENT_HIDE_SOFT_INPUT reason HIDE_SOFT_INPUT
11-09 17:07:51.285  1139  1192 I ImeTracker: com.google.android.apps.nexuslauncher:79204d03: onFailed at PHASE_CLIENT_VIEW_SERVED
11-09 17:07:51.287  2887  3489 W SearchServiceCore: Abort, client detached.
11-09 17:07:51.298   874   926 W WindowOnBackDispatcher: sendCancelIfRunning: isInProgress=falsecallback=android.view.ViewRootImpl$$ExternalSyntheticLambda17@97a6e6c
11-09 17:07:51.300   532  2282 W InputManager-JNI: Input channel object '9fae4e7 Splash Screen com.example.breadheadsinventorymanager (client)' was disposed without first being removed with the input manager!
11-09 17:07:51.310  7877  7877 W WindowOnBackDispatcher: OnBackInvokedCallback is not enabled for the application.
11-09 17:07:51.310  7877  7877 W WindowOnBackDispatcher: Set 'android:enableOnBackInvokedCallback="true"' in the application manifest.
11-09 17:07:51.312   420   436 D audioserver: FGS Logger Transaction failed
11-09 17:07:51.312   420   436 D audioserver: -129
11-09 17:07:51.483   420   483 D audioserver: FGS Logger Transaction failed
11-09 17:07:51.483   420   483 D audioserver: -129
11-09 17:07:51.539  7877  7916 E OpenGLRenderer: Unable to match the desired swap behavior.
11-09 17:07:51.730   532   951 I ImeTracker: com.example.breadheadsinventorymanager:4187d699: onRequestHide at ORIGIN_SERVER_HIDE_INPUT reason HIDE_UNSPECIFIED_WINDOW
11-09 17:07:51.730   532   951 I ImeTracker: com.example.breadheadsinventorymanager:4187d699: onCancelled at PHASE_SERVER_SHOULD_HIDE
11-09 17:07:51.732  1563  1563 I GoogleInputMethodService: GoogleInputMethodService.onFinishInput():3227
11-09 17:07:51.733  1563  1563 I GoogleInputMethodService: GoogleInputMethodService.updateDeviceLockedStatus():2087 repeatCheckTimes = 0, unlocked = true
11-09 17:07:51.734  1563  1563 I GoogleInputMethodService: GoogleInputMethodService.onStartInput():1877 onStartInput(EditorInfo{inputType=0x0(NULL) imeOptions=0x0 privateImeOptions=null actionName=UNSPECIFIED actionLabel=null actionId=0 initialSelStart=-1 initialSelEnd=-1 initialCapsMode=0x0 hintText=null label=null packageName=com.example.breadheadsinventorymanager fieldId=0 fieldName=null extras=null}, false)
11-09 17:07:51.734  1563  1563 I GoogleInputMethodService: GoogleInputMethodService.shouldHideHeaderOnInitialState():4008 ShouldHideHeaderOnInitialState = false
11-09 17:07:51.734  1563  1563 I GoogleInputMethodService: GoogleInputMethodService.updateDeviceLockedStatus():2087 repeatCheckTimes = 2, unlocked = true
11-09 17:07:51.894   874   941 D EGL_emulation: app_time_stats: avg=12.09ms min=1.13ms max=96.32ms count=33
11-09 17:07:52.010  7877  7916 D EGL_emulation: app_time_stats: avg=10.37ms min=1.60ms max=130.87ms count=38
11-09 17:07:52.112  7877  7877 I ViewInteraction: Performing 'replace text(Sample Item)' action on view view.getId() is <2131230975/com.example.breadheadsinventorymanager:id/item_name_text>
11-09 17:07:52.152  7877  7877 I AssistStructure: Flattened final assist data: 7576 bytes, containing 2 windows, 42 views
11-09 17:07:52.212  7877  7877 I ViewInteraction: Performing 'replace text(Sample Make)' action on view view.getId() is <2131230973/com.example.breadheadsinventorymanager:id/item_make_text>
11-09 17:07:52.249  7877  7877 I ViewInteraction: Performing 'replace text(Sample Model)' action on view view.getId() is <2131230974/com.example.breadheadsinventorymanager:id/item_model_text>
11-09 17:07:52.260  7877  7877 I ViewInteraction: Performing 'replace text(01/01/2023)' action on view view.getId() is <2131230970/com.example.breadheadsinventorymanager:id/item_acquisition_date_text>
11-09 17:07:52.279  7877  7877 I ViewInteraction: Performing 'replace text(1000)' action on view view.getId() is <2131230977/com.example.breadheadsinventorymanager:id/item_value_text>
11-09 17:07:52.317  7877  7877 I ViewInteraction: Performing 'replace text(Sample Comment)' action on view view.getId() is <2131230971/com.example.breadheadsinventorymanager:id/item_comments_text>
11-09 17:07:52.356  7877  7877 I ViewInteraction: Performing 'single click' action on view an instance of android.widget.TextView and view.getText() with or without transformation to match: is "OK"
11-09 17:07:52.410   420   436 D audioserver: FGS Logger Transaction failed
11-09 17:07:52.410   420   436 D audioserver: -129
11-09 17:07:52.410  7877  7877 W WindowOnBackDispatcher: sendCancelIfRunning: isInProgress=falsecallback=android.view.ViewRootImpl$$ExternalSyntheticLambda17@eba0b2e
11-09 17:07:52.419  7877  7916 D OpenGLRenderer: endAllActiveAnimators on 0x7e800c4b08a0 (RippleDrawable) with handle 0x7e80fc473e30
11-09 17:07:52.420   532   546 W InputManager-JNI: Input channel object 'd88fa8d com.example.breadheadsinventorymanager/com.example.breadheadsinventorymanager.MainActivity (client)' was disposed without first being removed with the input manager!
11-09 17:07:52.434  7877  7877 W WindowOnBackDispatcher: OnBackInvokedCallback is not enabled for the application.
11-09 17:07:52.434  7877  7877 W WindowOnBackDispatcher: Set 'android:enableOnBackInvokedCallback="true"' in the application manifest.
11-09 17:07:52.461   532  2282 I ImeTracker: com.example.breadheadsinventorymanager:98f634c4: onRequestHide at ORIGIN_SERVER_HIDE_INPUT reason HIDE_UNSPECIFIED_WINDOW
11-09 17:07:52.461   532  2282 I ImeTracker: com.example.breadheadsinventorymanager:98f634c4: onCancelled at PHASE_SERVER_SHOULD_HIDE
11-09 17:07:52.462  1563  1563 I GoogleInputMethodService: GoogleInputMethodService.onFinishInput():3227
11-09 17:07:52.465  1563  1563 I GoogleInputMethodService: GoogleInputMethodService.updateDeviceLockedStatus():2087 repeatCheckTimes = 0, unlocked = true
11-09 17:07:52.465  1563  1563 I GoogleInputMethodService: GoogleInputMethodService.onStartInput():1877 onStartInput(EditorInfo{inputType=0x0(NULL) imeOptions=0x0 privateImeOptions=null actionName=UNSPECIFIED actionLabel=null actionId=0 initialSelStart=-1 initialSelEnd=-1 initialCapsMode=0x0 hintText=null label=null packageName=com.example.breadheadsinventorymanager fieldId=0 fieldName=null extras=null}, false)
11-09 17:07:52.466  1563  1563 I GoogleInputMethodService: GoogleInputMethodService.shouldHideHeaderOnInitialState():4008 ShouldHideHeaderOnInitialState = false
11-09 17:07:52.466  1563  1563 I GoogleInputMethodService: GoogleInputMethodService.updateDeviceLockedStatus():2087 repeatCheckTimes = 2, unlocked = true
11-09 17:07:52.582   420   483 D audioserver: FGS Logger Transaction failed
11-09 17:07:52.582   420   483 D audioserver: -129
11-09 17:07:52.809  7877  7877 D FirestoreInteract.java: 61gHYS8TFvTtKIqIH3DM => {date=01/01/2023, serialNum=null, description=Sample Item, comment=Sample Comment, model=Sample Model, value=100000, make=Sample Make, tags=[]}
11-09 17:07:52.812  7877  7877 D FirestoreInteract.java: nPdXUrRIgTcVJq2XMDvf => {date=01/01/2023, serialNum=null, description=Sample Item, model=Sample Model, comment=Sample Comment, make=Sample Make, value=100000, tags=[]}
11-09 17:07:52.925   874   941 D EGL_emulation: app_time_stats: avg=11.91ms min=1.13ms max=83.42ms count=33
11-09 17:07:52.977  7877  7877 D takeScreenshot: Found 1 global views to redraw
11-09 17:07:53.038  7855  7873 W System  : A resource was acquired at attached stack trace but never released. See java.io.Closeable for information on avoiding resource leaks.
11-09 17:07:53.038  7855  7873 W System  : java.lang.Throwable: Explicit termination method 'HardwareBuffer.close' not called
11-09 17:07:53.038  7855  7873 W System  : 	at dalvik.system.CloseGuard.openWithCallSite(CloseGuard.java:288)
11-09 17:07:53.038  7855  7873 W System  : 	at dalvik.system.CloseGuard.open(CloseGuard.java:257)
11-09 17:07:53.038  7855  7873 W System  : 	at android.hardware.HardwareBuffer.<init>(HardwareBuffer.java:266)
11-09 17:07:53.038  7855  7873 W System  : A resource was acquired at attached stack trace but never released. See java.io.Closeable for information on avoiding resource leaks.
11-09 17:07:53.039  7855  7873 W System  : java.lang.Throwable: Explicit termination method 'HardwareBuffer.close' not called
11-09 17:07:53.039  7855  7873 W System  : 	at dalvik.system.CloseGuard.openWithCallSite(CloseGuard.java:288)
11-09 17:07:53.039  7855  7873 W System  : 	at dalvik.system.CloseGuard.open(CloseGuard.java:257)
11-09 17:07:53.039  7855  7873 W System  : 	at android.hardware.HardwareBuffer.<init>(HardwareBuffer.java:266)
11-09 17:07:53.049  1683  6975 W MediaProvider: isAppCloneUserPair for user 0: false
11-09 17:07:53.097  4668  7957 I NetworkScheduler.Stats: (REDACTED) Task %s/%s started execution. cause:%s exec_start_elapsed_seconds: %s
11-09 17:07:53.103  4668  7958 I NetworkScheduler.Stats: (REDACTED) Task %s/%s finished executing. cause:%s result: %s elapsed_millis: %s uptime_millis: %s exec_start_elapsed_seconds: %s
11-09 17:07:53.205  1683  1980 W MediaProvider: isAppCloneUserPair for user 0: false
11-09 17:07:53.216  7877  7907 W ViewHierarchyExceptionHandler: The complete view hierarchy is available in artifact file 'view-hierarchy-2.txt'.
11-09 17:07:53.245  4668  7957 I NetworkScheduler.Stats: (REDACTED) Task %s/%s started execution. cause:%s exec_start_elapsed_seconds: %s
11-09 17:07:53.250  4668  7443 I NetworkScheduler.Stats: (REDACTED) Task %s/%s finished executing. cause:%s result: %s elapsed_millis: %s uptime_millis: %s exec_start_elapsed_seconds: %s
11-09 17:07:53.290  7877  7877 D LifecycleMonitor: Lifecycle status change: com.example.breadheadsinventorymanager.MainActivity@51ff5 in: PAUSED
11-09 17:07:53.290  7877  7877 V ActivityScenario: Update currentActivityStage to PAUSED, currentActivity=com.example.breadheadsinventorymanager.MainActivity@51ff5
11-09 17:07:53.304   874   941 E OpenGLRenderer: Unable to match the desired swap behavior.
11-09 17:07:53.322   423   423 I BpBinder: onLastStrongRef automatically unlinking death recipients:
11-09 17:07:53.353  7877  7916 D EGL_emulation: app_time_stats: avg=35.12ms min=1.49ms max=361.18ms count=24
11-09 17:07:53.362   874   941 D EGL_emulation: app_time_stats: avg=196.97ms min=7.92ms max=2079.29ms count=13
11-09 17:07:53.368  7960  7981 W OpenGLRenderer: Failed to choose config with EGL_SWAP_BEHAVIOR_PRESERVED, retrying without...
11-09 17:07:53.368  7960  7981 W OpenGLRenderer: Failed to initialize 101010-2 format, error = EGL_SUCCESS
11-09 17:07:53.396  1139  1159 W System  : A resource failed to call release.
11-09 17:07:53.396  1139  1159 W System  : A resource failed to call release.
11-09 17:07:53.396  1139  1159 W System  : A resource failed to call release.
11-09 17:07:53.398  1139  1159 W System  : A resource failed to call release.
11-09 17:07:53.398  1139  1159 W System  : A resource failed to call release.
11-09 17:07:53.398  1139  1159 W System  : A resource failed to call release.
11-09 17:07:53.456  7960  7981 E OpenGLRenderer: Unable to match the desired swap behavior.
11-09 17:07:53.474   532   548 W ziparchive: Unable to open '/data/app/~~qTB3zmJCAwPfHipE-RDQcA==/com.example.breadheadsinventorymanager.test-jAfuYyE_3DtY0bKpMGIcIg==/base.dm': No such file or directory
11-09 17:07:53.475   532   548 I ActivityTaskManager: Displayed com.example.breadheadsinventorymanager.test/androidx.test.core.app.InstrumentationActivityInvoker$EmptyActivity for user 0: +199ms
11-09 17:07:53.500   532  1745 W AppSearchIcing: icing-search-engine.cc:283: Error: 5, Message: Document (com.google.android.googlequicksearchbox$OneSearchZeroStateGoogleSuggestions/default, zp) not found.
11-09 17:07:53.510  1139  1193 D QuickstepModelDelegate: notifyAppTargetEvent action=1 launchLocation=workspace/0/[-1,-1]/[1,1]
11-09 17:07:53.513  1139  2205 E OneSearchSuggestProvider: Failed to fetch suggestions from AppSearch, fallback to AGA
11-09 17:07:53.513  1139  2205 E OneSearchSuggestProvider: java.util.concurrent.CompletionException: java.util.NoSuchElementException: No value present
11-09 17:07:53.513  1139  2205 E OneSearchSuggestProvider: 	at java.util.concurrent.CompletableFuture.encodeThrowable(CompletableFuture.java:308)
11-09 17:07:53.513  1139  2205 E OneSearchSuggestProvider: 	at java.util.concurrent.CompletableFuture.completeThrowable(CompletableFuture.java:323)
11-09 17:07:53.513  1139  2205 E OneSearchSuggestProvider: 	at java.util.concurrent.CompletableFuture$UniAccept.tryFire(CompletableFuture.java:684)
11-09 17:07:53.513  1139  2205 E OneSearchSuggestProvider: 	at java.util.concurrent.CompletableFuture.postComplete(CompletableFuture.java:486)
11-09 17:07:53.513  1139  2205 E OneSearchSuggestProvider: 	at java.util.concurrent.CompletableFuture.completeExceptionally(CompletableFuture.java:2138)
11-09 17:07:53.513  1139  2205 E OneSearchSuggestProvider: 	at com.google.android.apps.nexuslauncher.allapps.H0.onResult(Unknown Source:59)
11-09 17:07:53.513  1139  2205 E OneSearchSuggestProvider: 	at android.app.appsearch.SearchSessionUtil$1.lambda$onResult$0(SearchSessionUtil.java:129)
11-09 17:07:53.513  1139  2205 E OneSearchSuggestProvider: 	at android.app.appsearch.SearchSessionUtil$1.$r8$lambda$_nlk9WiPjSfaAsqKYmp0aPvSRC0(SearchSessionUtil.java:1)
11-09 17:07:53.513  1139  2205 E OneSearchSuggestProvider: 	at android.app.appsearch.SearchSessionUtil$1$$ExternalSyntheticLambda0.run(R8$$SyntheticClass:13)
11-09 17:07:53.513  1139  2205 E OneSearchSuggestProvider: 	at android.os.Handler.handleCallback(Handler.java:958)
11-09 17:07:53.513  1139  2205 E OneSearchSuggestProvider: 	at android.os.Handler.dispatchMessage(Handler.java:99)
11-09 17:07:53.513  1139  2205 E OneSearchSuggestProvider: 	at android.os.Looper.loopOnce(Looper.java:205)
11-09 17:07:53.513  1139  2205 E OneSearchSuggestProvider: 	at android.os.Looper.loop(Looper.java:294)
11-09 17:07:53.513  1139  2205 E OneSearchSuggestProvider: 	at android.os.HandlerThread.run(HandlerThread.java:67)
11-09 17:07:53.513  1139  2205 E OneSearchSuggestProvider: Caused by: java.util.NoSuchElementException: No value present
11-09 17:07:53.513  1139  2205 E OneSearchSuggestProvider: 	at java.util.Optional.get(Optional.java:144)
11-09 17:07:53.513  1139  2205 E OneSearchSuggestProvider: 	at com.google.android.apps.nexuslauncher.allapps.H0.onResult(Unknown Source:16)
11-09 17:07:53.513  1139  2205 E OneSearchSuggestProvider: 	... 8 more
11-09 17:07:53.515  1139  2205 D OneSearchSuggestProvider: Created the binder channel successfully for end point service =com.google.android.apps.search.googleapp.search.suggest.plugins.onesearch.server.OneSearchSuggestService , mChannel=z1{delegate=s1{logId=25, target=directaddress:///AndroidComponentAddress%5BIntent%20%7B%20act=grpc.io.action.BIND%20cmp=com.google.android.googlequicksearchbox/com.google.android.apps.search.googleapp.search.suggest.plugins.onesearch.server.OneSearchSuggestService%20%7D%5D}} , mOneSearchConnection=X1.T@d85f862
11-09 17:07:53.532  2887  3260 E OpenGLRenderer: Unable to match the desired swap behavior.
11-09 17:07:53.538  1139  1961 E OpenGLRenderer: Unable to match the desired swap behavior.
11-09 17:07:53.547   874   941 E OpenGLRenderer: Unable to match the desired swap behavior.
11-09 17:07:53.573  2887  2887 I A       : Created gRPC endpoint to "search" for service class com.google.android.apps.search.googleapp.search.suggest.plugins.onesearch.server.OneSearchSuggestService
11-09 17:07:53.579  1686  2162 I AiAiEcho: Predicting[0]:
11-09 17:07:53.580  1686  2162 I AiAiEcho: EchoTargets:
11-09 17:07:53.580  1686  2162 I AiAiEcho: Filtered by AiAi flag check:
11-09 17:07:53.580  1686  2162 I AiAiEcho: Ranked targets strategy: SORT, count: 0, ranking metadata:
11-09 17:07:53.582  1686  2162 I AiAiEcho: #postPredictionTargets: Sending updates to UISurface home with targets# 0 (types=[])
11-09 17:07:53.594  2887  3102 I A       : group apa_head_suggest not present without account in *
11-09 17:07:53.607  2887  3129 I A       : incrementApaDataDownloadStoreStatus(latency = PT0.017S, appVersion = 13.17.16.23, status = NOT_FOUND, locale = *, fileGroupnames = apa_head_suggest, accountScoped = false, localGroupsAvailable = false, timeSinceSearchBoot = Optional[PT9M54.586S] (FIVE_TO_TEN_MINUTES), timeSinceDataDownloadInit = PT4M1.336S (ONE_TO_FIVE_MINUTES))
11-09 17:07:53.608  2887  3129 I A       : incrementApaDataDownloadStoreStatusNotFound(appVersion = 13.17.16.23, locale = *, groupName = apa_head_suggest, accountScoped = false, foundGroups = 0, status = 0, localGroupsAvailable = false)
11-09 17:07:53.613  2887  3489 I A       : Using proto config with mendel
11-09 17:07:53.636  2887  3489 I A       : Using proto config with mendel
11-09 17:07:53.662  1139  1139 D SearchTargetUtil:  query= size=15
11-09 17:07:53.662  1139  1139 D SearchTargetUtil: layoutType=short_icon_row resultType=131072 packageName=com.google.android.googlequicksearchbox extras=Bundle{suggestion_type=33,suggest_truncate_start=false,is_answer=false,is_entity=false,is_personal=false,suggest_raw_text=clear tomato ketchup heinz,group_id=web421438,response_id=fc4dfa17-bb0d-49ff-b7bb-b954f8651574,support_query_builder=false,} searchAction=clear tomato ketchup heinz searchActionExtras=Bundle{learn_more_url=https://support.google.com/websearch/answer/106230?hl=106230,suggestion_action_text=Report this,should_start_for_result=true,allow_pinning=true,skip_logging_in_target_handler=false,suggestion_action_rpc=2,}ParentID: null targetID: badbc892-9d9b-4a2a-8fe7-33c1dfc27bea
11-09 17:07:53.662  1139  1139 D SearchTargetUtil: layoutType=short_icon_row resultType=131072 packageName=com.google.android.googlequicksearchbox extras=Bundle{suggestion_type=33,suggest_truncate_start=false,is_answer=false,is_entity=false,is_personal=false,suggest_raw_text=peruvian mummies,group_id=web421438,response_id=fc4dfa17-bb0d-49ff-b7bb-b954f8651574,support_query_builder=false,} searchAction=peruvian mummies searchActionExtras=Bundle{learn_more_url=https://support.google.com/websearch/answer/106230?hl=106230,suggestion_action_text=Report this,should_start_for_result=true,allow_pinning=true,skip_logging_in_target_handler=false,suggestion_action_rpc=2,}ParentID: null targetID: e71c4308-ab06-4488-aaef-f072d9dfae5f
11-09 17:07:53.662  1139  1139 D SearchTargetUtil: layoutType=short_icon_row resultType=131072 packageName=com.google.android.googlequicksearchbox extras=Bundle{suggestion_type=33,suggest_truncate_start=false,is_answer=false,is_entity=false,is_personal=false,suggest_raw_text=saga cruise ships,group_id=web421438,response_id=fc4dfa17-bb0d-49ff-b7bb-b954f8651574,support_query_builder=false,} searchAction=saga cruise ships searchActionExtras=Bundle{learn_more_url=https://support.google.com/websearch/answer/106230?hl=106230,suggestion_action_text=Report this,should_start_for_result=true,allow_pinning=true,skip_logging_in_target_handler=false,suggestion_action_rpc=2,}ParentID: null targetID: a8bd871b-be32-48ae-b767-bba32e1fcf77
11-09 17:07:53.662  1139  1139 D SearchTargetUtil: layoutType=short_icon_row resultType=131072 packageName=com.google.android.googlequicksearchbox extras=Bundle{suggestion_type=33,suggest_truncate_start=false,is_answer=false,is_entity=false,is_personal=false,suggest_raw_text=baldurs gate patch notes,group_id=web421438,response_id=fc4dfa17-bb0d-49ff-b7bb-b954f8651574,support_query_builder=false,} searchAction=baldurs gate patch notes searchActionExtras=Bundle{learn_more_url=https://support.google.com/websearch/answer/106230?hl=106230,suggestion_action_text=Report this,should_start_for_result=true,allow_pinning=true,skip_logging_in_target_handler=false,suggestion_action_rpc=2,}ParentID: null targetID: 56bdde06-c01a-4849-bde0-c39e4dae8478
11-09 17:07:53.662  1139  1139 D SearchTargetUtil: layoutType=short_icon_row resultType=131072 packageName=com.google.android.googlequicksearchbox extras=Bundle{suggestion_type=33,suggest_truncate_start=false,is_answer=false,is_entity=false,is_personal=false,suggest_raw_text=property taxes,group_id=web421438,response_id=fc4dfa17-bb0d-49ff-b7bb-b954f8651574,support_query_builder=false,} searchAction=property taxes searchActionExtras=Bundle{learn_more_url=https://support.google.com/websearch/answer/106230?hl=106230,suggestion_action_text=Report this,should_start_for_result=true,allow_pinning=true,skip_logging_in_target_handler=false,suggestion_action_rpc=2,}ParentID: null targetID: 56d3bb84-34ae-44d8-b8d3-c2affd7cc34f
11-09 17:07:53.662  1139  1139 D SearchTargetUtil: layoutType=short_icon_row resultType=131072 packageName=com.google.android.googlequicksearchbox extras=Bundle{suggestion_type=33,suggest_truncate_start=false,is_answer=false,is_entity=false,is_personal=false,suggest_raw_text=gta 6 trailer rockstar games,group_id=web421438,response_id=fc4dfa17-bb0d-49ff-b7bb-b954f8651574,support_query_builder=false,} searchAction=gta 6 trailer rockstar games searchActionExtras=Bundle{learn_more_url=https://support.google.com/websearch/answer/106230?hl=106230,suggestion_action_text=Report this,should_start_for_result=true,allow_pinning=true,skip_logging_in_target_handler=false,suggestion_action_rpc=2,}ParentID: null targetID: 60a69e19-b0f1-4489-8a5b-94ed3aad2a08
11-09 17:07:53.662  1139  1139 D SearchTargetUtil: layoutType=short_icon_row resultType=131072 packageName=com.google.android.googlequicksearchbox extras=Bundle{suggestion_type=33,suggest_truncate_start=false,is_answer=false,is_entity=false,is_personal=false,suggest_raw_text=baby indi gregory,group_id=web421438,response_id=fc4dfa17-bb0d-49ff-b7bb-b954f8651574,support_query_builder=false,} searchAction=baby indi gregory searchActionExtras=Bundle{learn_more_url=https://support.google.com/websearch/answer/106230?hl=106230,suggestion_action_text=Report this,should_start_for_result=true,allow_pinning=true,skip_logging_in_target_handler=false,suggestion_action_rpc=2,}ParentID: null targetID: 973f3438-5de1-4a4f-a6eb-ab263cb0c97b
11-09 17:07:53.662  1139  1139 D SearchTargetUtil: layoutType=short_icon_row resultType=131072 packageName=com.google.android.googlequicksearchbox extras=Bundle{suggestion_type=33,suggest_truncate_start=false,is_answer=false,is_entity=false,is_personal=false,suggest_raw_text=biden student loan forgiveness,group_id=web421438,response_id=fc4dfa17-bb0d-49ff-b7bb-b954f8651574,support_query_builder=false,} searchAction=biden student loan forgiveness searchActionExtras=Bundle{learn_more_url=https://support.google.com/websearch/answer/106230?hl=106230,suggestion_action_text=Report this,should_start_for_result=true,allow_pinning=true,skip_logging_in_target_handler=false,suggestion_action_rpc=2,}ParentID: null targetID: 269ed806-7538-4204-a92a-69f9c2771526
11-09 17:07:53.663  1139  1139 D SearchTargetUtil: layoutType=short_icon_row resultType=131072 packageName=com.google.android.googlequicksearchbox extras=Bundle{suggestion_type=33,suggest_truncate_start=false,is_answer=false,is_entity=false,is_personal=false,suggest_raw_text=virginia election results,group_id=web421438,response_id=fc4dfa17-bb0d-49ff-b7bb-b954f8651574,support_query_builder=false,} searchAction=virginia election results searchActionExtras=Bundle{learn_more_url=https://support.google.com/websearch/answer/106230?hl=106230,suggestion_action_text=Report this,should_start_for_result=true,allow_pinning=true,skip_logging_in_target_handler=false,suggestion_action_rpc=2,}ParentID: null targetID: 2d3b1c4c-9371-486d-afce-365d8894dda0
11-09 17:07:53.663  1139  1139 D SearchTargetUtil: layoutType=short_icon_row resultType=131072 packageName=com.google.android.googlequicksearchbox extras=Bundle{suggestion_type=33,suggest_truncate_start=false,is_answer=false,is_entity=false,is_personal=false,suggest_raw_text=fbi manhunt helmetta nj,group_id=web421438,response_id=fc4dfa17-bb0d-49ff-b7bb-b954f8651574,support_query_builder=false,} searchAction=fbi manhunt helmetta nj searchActionExtras=Bundle{learn_more_url=https://support.google.com/websearch/answer/106230?hl=106230,suggestion_action_text=Report this,should_start_for_result=true,allow_pinning=true,skip_logging_in_target_handler=false,suggestion_action_rpc=2,}ParentID: null targetID: c8550aa3-41b6-404d-80cf-0c580c4cb5ee
11-09 17:07:53.663  1139  1139 D SearchTargetUtil: layoutType=short_icon_row resultType=131072 packageName=com.google.android.googlequicksearchbox extras=Bundle{suggestion_type=33,suggest_truncate_start=false,is_answer=false,is_entity=false,is_personal=false,suggest_raw_text=interest rates mortgage rates,group_id=web421438,response_id=fc4dfa17-bb0d-49ff-b7bb-b954f8651574,support_query_builder=false,} searchAction=interest rates mortgage rates searchActionExtras=Bundle{learn_more_url=https://support.google.com/websearch/answer/106230?hl=106230,suggestion_action_text=Report this,should_start_for_result=true,allow_pinning=true,skip_logging_in_target_handler=false,suggestion_action_rpc=2,}ParentID: null targetID: 73069411-7e24-48d6-8292-0fc160e759ed
11-09 17:07:53.663  1139  1139 D SearchTargetUtil: layoutType=short_icon_row resultType=131072 packageName=com.google.android.googlequicksearchbox extras=Bundle{suggestion_type=33,suggest_truncate_start=false,is_answer=false,is_entity=false,is_personal=false,suggest_raw_text=free doughnuts krispy kreme,group_id=web421438,response_id=fc4dfa17-bb0d-49ff-b7bb-b954f8651574,support_query_builder=false,} searchAction=free doughnuts krispy kreme searchActionExtras=Bundle{learn_more_url=https://support.google.com/websearch/answer/106230?hl=106230,suggestion_action_text=Report this,should_start_for_result=true,allow_pinning=true,skip_logging_in_target_handler=false,suggestion_action_rpc=2,}ParentID: null targetID: ac4faa7a-661b-42f3-b3a9-d46b0701a19f
11-09 17:07:53.664  1139  1139 D SearchTargetUtil: layoutType=short_icon_row resultType=131072 packageName=com.google.android.googlequicksearchbox extras=Bundle{suggestion_type=33,suggest_truncate_start=false,is_answer=false,is_entity=false,is_personal=false,suggest_raw_text=la rams carson wentz,group_id=web421438,response_id=fc4dfa17-bb0d-49ff-b7bb-b954f8651574,support_query_builder=false,} searchAction=la rams carson wentz searchActionExtras=Bundle{learn_more_url=https://support.google.com/websearch/answer/106230?hl=106230,suggestion_action_text=Report this,should_start_for_result=true,allow_pinning=true,skip_logging_in_target_handler=false,suggestion_action_rpc=2,}ParentID: null targetID: d423abbf-4347-4f43-bf8d-79eefceb79df
11-09 17:07:53.665  1139  1139 D SearchTargetUtil: layoutType=short_icon_row resultType=131072 packageName=com.google.android.googlequicksearchbox extras=Bundle{suggestion_type=33,suggest_truncate_start=false,is_answer=false,is_entity=false,is_personal=false,suggest_raw_text=whole eye transplant surgery,group_id=web421438,response_id=fc4dfa17-bb0d-49ff-b7bb-b954f8651574,support_query_builder=false,} searchAction=whole eye transplant surgery searchActionExtras=Bundle{learn_more_url=https://support.google.com/websearch/answer/106230?hl=106230,suggestion_action_text=Report this,should_start_for_result=true,allow_pinning=true,skip_logging_in_target_handler=false,suggestion_action_rpc=2,}ParentID: null targetID: dfe3fddd-cf9e-4220-93e5-e07f7c6ced2b
11-09 17:07:53.665  1139  1139 D SearchTargetUtil: layoutType=short_icon_row resultType=131072 packageName=com.google.android.googlequicksearchbox extras=Bundle{suggestion_type=33,suggest_truncate_start=false,is_answer=false,is_entity=false,is_personal=false,suggest_raw_text=risk of rain 2 seekers of the storm,group_id=web421438,response_id=fc4dfa17-bb0d-49ff-b7bb-b954f8651574,support_query_builder=false,} searchAction=risk of rain 2 seekers of the storm searchActionExtras=Bundle{learn_more_url=https://support.google.com/websearch/answer/106230?hl=106230,suggestion_action_text=Report this,should_start_for_result=true,allow_pinning=true,skip_logging_in_target_handler=false,suggestion_action_rpc=2,}ParentID: null targetID: c57c8e44-8201-424a-85f1-d524e1516029
11-09 17:07:53.674  7877  7877 D LifecycleMonitor: Lifecycle status change: com.example.breadheadsinventorymanager.MainActivity@51ff5 in: STOPPED
11-09 17:07:53.674  7877  7877 V ActivityScenario: Update currentActivityStage to STOPPED, currentActivity=com.example.breadheadsinventorymanager.MainActivity@51ff5
11-09 17:07:53.675   532  2282 I ImeTracker: com.google.android.apps.nexuslauncher:f3cf331c: onRequestHide at ORIGIN_SERVER_HIDE_INPUT reason HIDE_UNSPECIFIED_WINDOW
11-09 17:07:53.676   532  2282 I ImeTracker: com.google.android.apps.nexuslauncher:f3cf331c: onCancelled at PHASE_SERVER_SHOULD_HIDE
11-09 17:07:53.677  7877  7877 D LifecycleMonitor: Lifecycle status change: com.example.breadheadsinventorymanager.MainActivity@51ff5 in: DESTROYED
11-09 17:07:53.677  7877  7877 V ActivityScenario: Update currentActivityStage to DESTROYED, currentActivity=null
11-09 17:07:53.677  1563  1563 I GoogleInputMethodService: GoogleInputMethodService.onFinishInput():3227
11-09 17:07:53.679  1563  1563 I GoogleInputMethodService: GoogleInputMethodService.updateDeviceLockedStatus():2087 repeatCheckTimes = 0, unlocked = true
11-09 17:07:53.679  1563  1563 I GoogleInputMethodService: GoogleInputMethodService.onStartInput():1877 onStartInput(EditorInfo{inputType=0x0(NULL) imeOptions=0x0 privateImeOptions=null actionName=UNSPECIFIED actionLabel=null actionId=0 initialSelStart=-1 initialSelEnd=-1 initialCapsMode=0x0 hintText=null label=null packageName=com.google.android.apps.nexuslauncher fieldId=0 fieldName=null extras=null}, false)
11-09 17:07:53.679  1563  1563 I GoogleInputMethodService: GoogleInputMethodService.shouldHideHeaderOnInitialState():4008 ShouldHideHeaderOnInitialState = false
11-09 17:07:53.680  1563  1563 I GoogleInputMethodService: GoogleInputMethodService.updateDeviceLockedStatus():2087 repeatCheckTimes = 2, unlocked = true
11-09 17:07:53.683  7877  7907 E TestRunner: failed: testBackButton(com.example.breadheadsinventorymanager.ItemDetailsActivityTest)
11-09 17:07:53.683  7877  7907 E TestRunner: ----- begin exception -----
11-09 17:07:53.685  1588  1588 V InlineSuggestionRenderService: handleDestroySuggestionViews called for 0:1546242309
11-09 17:07:53.694  7877  7877 W WindowOnBackDispatcher: sendCancelIfRunning: isInProgress=falsecallback=android.view.ViewRootImpl$$ExternalSyntheticLambda17@11d069
11-09 17:07:53.696  7877  7877 D AutofillManager: view not autofillable - not passing ime action check
11-09 17:07:53.704  7877  7907 E TestRunner: androidx.test.espresso.AmbiguousViewMatcherException: 'an instance of android.widget.TextView and view.getText() with or without transformation to match: is "Sample Item"' matches 2 views in the hierarchy:
11-09 17:07:53.704  7877  7907 E TestRunner: - [1] TextView{id=2131230972, res-name=item_description_text, visibility=VISIBLE, width=992, height=157, has-focus=false, has-focusable=false, has-window-focus=true, is-clickable=false, is-enabled=true, is-focused=false, is-focusable=false, is-layout-requested=false, is-selected=false, layout-params=androidx.constraintlayout.widget.ConstraintLayout$LayoutParams@YYYYYY, tag=null, root-is-layout-requested=false, has-input-connection=false, x=0.0, y=0.0, text=Sample Item, input-type=0, ime-target=false, has-links=false}
11-09 17:07:53.704  7877  7907 E TestRunner: - [2] TextView{id=2131230972, res-name=item_description_text, visibility=VISIBLE, width=992, height=157, has-focus=false, has-focusable=false, has-window-focus=true, is-clickable=false, is-enabled=true, is-focused=false, is-focusable=false, is-layout-requested=false, is-selected=false, layout-params=androidx.constraintlayout.widget.ConstraintLayout$LayoutParams@YYYYYY, tag=null, root-is-layout-requested=false, has-input-connection=false, x=0.0, y=0.0, text=Sample Item, input-type=0, ime-target=false, has-links=false}
11-09 17:07:53.704  7877  7907 E TestRunner: Problem views are marked with '****MATCHES****' below.
11-09 17:07:53.704  7877  7907 E TestRunner:
11-09 17:07:53.704  7877  7907 E TestRunner: View Hierarchy:
11-09 17:07:53.704  7877  7907 E TestRunner: +>DecorView{id=-1, visibility=VISIBLE, width=1080, height=2160, has-focus=false, has-focusable=true, has-window-focus=true, is-clickable=false, is-enabled=true, is-focused=false, is-focusable=false, is-layout-requested=false, is-selected=false, layout-params={(0,0)(fillxfill) ty=BASE_APPLICATION wanim=0x10302fe
11-09 17:07:53.704  7877  7907 E TestRunner:   fl=LAYOUT_IN_SCREEN LAYOUT_INSET_DECOR SPLIT_TOUCH HARDWARE_ACCELERATED DRAWS_SYSTEM_BAR_BACKGROUNDS
11-09 17:07:53.704  7877  7907 E TestRunner:   pfl=NO_MOVE_ANIMATION FORCE_DRAW_STATUS_BAR_BACKGROUND FIT_INSETS_CONTROLLED
11-09 17:07:53.704  7877  7907 E TestRunner:   bhv=DEFAULT
11-09 17:07:53.704  7877  7907 E TestRunner:   fitSides=}, tag=null, root-is-layout-requested=false, has-input-connection=false, x=0.0, y=0.0, child-count=3}
11-09 17:07:53.704  7877  7907 E TestRunner: |
11-09 17:07:53.704  7877  7907 E TestRunner: +->LinearLayout{id=-1, visibility=VISIBLE, width=1080, height=2094, has-focus=false, has-focusable=true, has-window-focus=true, is-clickable=false, is-enabled=true, is-focused=false, is-focusable=false, is-layout-requested=false, is-selected=false, layout-params=android.widget.FrameLayout$LayoutParams@YYYYYY, tag=null, root-is-layout-requested=false, has-input-connection=false, x=0.0, y=0.0, child-count=2}
11-09 17:07:53.704  7877  7907 E TestRunner: |
11-09 17:07:53.704  7877  7907 E TestRunner: +-->ViewStub{id=16908746, res-name=action_mode_bar_stub, visibility=GONE, width=0, height=0, has-focus=false, has-focusable=false, has-window-focus=true, is-clickable=false, is-enabled=true, is-focused=false, is-focusable=false, is-layout-requested=true, is-selected=false, layout-params=android.widget.LinearLayout$LayoutParams@YYYYYY, tag=null, root-is-layout-requested=false, has-input-connection=false, x=0.0, y=0.0}
11-09 17:07:53.704  7877  7907 E TestRunner: |
11-09 17:07:53.704  7877  7907 E TestRunner: +-->FrameLayout{id=-1, visibility=VISIBLE, width=1080, height=2028, has-focus=false, has-focusable=true, has-window-focus=true, is-clickable=false, is-enabled=true, is-focused=false, is-focusable=false, is-layout-requested=false, is-selected=false, layout-params=android.widget.LinearLayout$LayoutParams@YYYYYY, tag=null, root-is-layout-requested=false, has-input-connection=false, x=0.0, y=66.0, child-count=1}
11-09 17:07:53.704  7877  7907 E TestRunner: |
11-09 17:07:53.704  7877  7907 E TestRunner: +--->ActionBarOverlayLayout{id=2131230874, res-name=decor_content_parent, visibility=VISIBLE, width=1080, height=2028, has-focus=false, has-focusable=true, has-window-focus=true, is-clickable=false, is-enabled=true, is-focused=false, is-focusable=false, is-layout-requested=false, is-selected=false, layout-params=android.widget.FrameLayout$LayoutParams@YYYYYY, tag=null, root-is-layout-requested=false, has-input-connection=false, x=0.0, y=0.0, child-count=2}
11-09 17:07:53.704  7877  7907 E TestRunner: |
11-09 17:07:53.704   532   950 W InputManager-JNI: Input channel object '11b1a00 com.example.breadheadsinventorymanager/com.example.breadheadsinventorymanager.MainActivity (client)' was disposed without first being removed with the input manager!
11-09 17:07:53.704  7877  7907 E TestRunner: +---->ContentFrameLayout{id=16908290, res-name=content, visibility=VISIBLE, width=1080, height=1874, has-focus=false, has-focusable=true, has-window-focus=true, is-clickable=false, is-enabled=true, is-focused=false, is-focusable=false, is-layout-requested=false, is-selected=false, layout-params=androidx.appcompat.widget.ActionBarOverlayLayout$LayoutParams@YYYYYY, tag=null, root-is-layout-requested=false, has-input-connection=false, x=0.0, y=154.0, child-count=1}
11-09 17:07:53.704  7877  7907 E TestRunner: |
11-09 17:07:53.704  7877  7907 E TestRunner: +----->ConstraintLayout{id=-1, visibility=VISIBLE, width=1080, height=1874, has-focus=false, has-focusable=true, has-window-focus=true, is-clickable=false, is-enabled=true, is-focused=false, is-focusable=false, is-layout-requested=false, is-selected=false, layout-params=android.widget.FrameLayout$LayoutParams@YYYYYY, tag=null, root-is-layout-requested=false, has-input-connection=false, x=0.0, y=0.0, child-count=12}
11-09 17:07:53.704  7877  7907 E TestRunner: |
11-09 17:07:53.704  7877  7907 E TestRunner: +------>AppCompatTextView{id=2131230994, res-name=main_activity_bottom_bar, visibility=VISIBLE, width=1080, height=206, has-focus=false, has-focusable=false, has-window-focus=true, is-clickable=false, is-enabled=true, is-focused=false, is-focusable=false, is-layout-requested=false, is-selected=false, layout-params=androidx.constraintlayout.widget.ConstraintLayout$LayoutParams@YYYYYY, tag=null, root-is-layout-requested=false, has-input-connection=false, x=0.0, y=1668.0, text=, input-type=0, ime-target=false, has-links=false}
11-09 17:07:53.704  7877  7907 E TestRunner: |
11-09 17:07:53.704  7877  7907 E TestRunner: +------>SearchView{id=2131231149, res-name=search_view, visibility=GONE, width=0, height=0, has-focus=false, has-focusable=false, has-window-focus=true, is-clickable=false, is-enabled=true, is-focused=false, is-focusable=true, is-layout-requested=true, is-selected=false, layout-params=androidx.constraintlayout.widget.ConstraintLayout$LayoutParams@YYYYYY, tag=null, root-is-layout-requested=false, has-input-connection=false, x=0.0, y=0.0, child-count=1}
11-09 17:07:53.704  7877  7907 E TestRunner: |
11-09 17:07:53.704  7877  7907 E TestRunner: +------->LinearLayout{id=16909473, res-name=search_bar, visibility=VISIBLE, width=0, height=0, has-focus=false, has-focusable=true, has-window-focus=true, is-clickable=false, is-enabled=true, is-focused=false, is-focusable=false, is-layout-requested=true, is-selected=false, layout-params=android.widget.LinearLayout$LayoutParams@YYYYYY, tag=null, root-is-layout-requested=false, has-input-connection=false, x=0.0, y=0.0, child-count=3}
11-09 17:07:53.704  7877  7907 E TestRunner: |
11-09 17:07:53.704  7877  7907 E TestRunner: +-------->AppCompatTextView{id=16909472, res-name=search_badge, visibility=GONE, width=0, height=0, has-focus=false, has-focusable=false, has-window-focus=true, is-clickable=false, is-enabled=true, is-focused=false, is-focusable=false, is-layout-requested=true, is-selected=false, layout-params=android.widget.LinearLayout$LayoutParams@YYYYYY, tag=null, root-is-layout-requested=false, has-input-connection=false, x=0.0, y=0.0, text=, input-type=0, ime-target=false, has-links=false}
11-09 17:07:53.704  7877  7907 E TestRunner: |
11-09 17:07:53.704  7877  7907 E TestRunner: +-------->AppCompatImageView{id=16909474, res-name=search_button, desc=Search, visibility=VISIBLE, width=0, height=0, has-focus=false, has-focusable=true, has-window-focus=true, is-clickable=true, is-enabled=true, is-focused=false, is-focusable=true, is-layout-requested=true, is-selected=false, layout-params=android.widget.LinearLayout$LayoutParams@YYYYYY, tag=null, root-is-layout-requested=false, has-input-connection=false, x=0.0, y=0.0}
11-09 17:07:53.704  7877  7907 E TestRunner: |
11-09 17:07:53.704  7877  7907 E TestRunner: +-------->LinearLayout{id=16909476, res-name=search_edit_frame, visibility=GONE, width=0, height=0, has-focus=false, has-focusable=false, has-window-focus=true, is-clickable=false, is-enabled=true, is-focused=false, is-focusable=false, is-layout-requested=true, is-selected=false, layout-params=android.widget.LinearLayout$LayoutParams@YYYYYY, tag=null, root-is-layout-requested=false, has-input-connection=false, x=0.0, y=0.0, child-count=3}
11-09 17:07:53.704  7877  7907 E TestRunner: |
11-09 17:07:53.704  7877  7907 E TestRunner: +--------->AppCompatImageView{id=16909478, res-name=search_mag_icon, visibility=GONE, width=0, height=0, has-focus=false, has-focusable=false, has-window-focus=true, is-clickable=false, is-enabled=true, is-focused=false, is-focusable=false, is-layout-requested=true, is-selected=false, layout-params=android.widget.LinearLayout$LayoutParams@YYYYYY, tag=null, root-is-layout-requested=false, has-input-connection=false, x=0.0, y=0.0}
11-09 17:07:53.704  7877  7907 E TestRunner: |
11-09 17:07:53.704  7877  7907 E TestRunner: +--------->LinearLayout{id=16909479, res-name=search_plate, visibility=VISIBLE, width=0, height=0, has-focus=false, has-focusable=true, has-window-focus=true, is-clickable=false, is-enabled=true, is-focused=false, is-focusable=false, is-layout-requested=true, is-selected=false, layout-params=android.widget.LinearLayout$LayoutParams@YYYYYY, tag=null, root-is-layout-requested=false, has-input-connection=false, x=0.0, y=0.0, child-count=2}
11-09 17:07:53.704  7877  7907 E TestRunner: |
11-09 17:07:53.704  7877  7907 E TestRunner: +---------->SearchAutoComplete{id=16909480, res-name=search_src_text, visibility=VISIBLE, width=0, height=0, has-focus=false, has-focusable=true, has-window-focus=true, is-clickable=true, is-enabled=true, is-focused=false, is-focusable=true, is-layout-requested=true, is-selected=false, layout-params=android.widget.LinearLayout$LayoutParams@YYYYYY, tag=null, root-is-layout-requested=false, has-input-connection=true, editor-info=[inputType=0x90001 imeOptions=0x3 privateImeOptions=null actionLabel=null actionId=0 initialSelStart=0 initialSelEnd=0 initialToolType=0 initialCapsMode=0x0 hintText=    label=null packageName=null autofillId=null fieldId=0 fieldName=null extras=null hintLocales=null supportedHandwritingGestureTypes=SELECT|SELECT_RANGE|INSERT|DELETE|DELETE_RANGE|REMOVE_SPACE|JOIN_OR_SPLIT supportedHandwritingGesturePreviewTypes=SELECT|SELECT_RANGE|DELETE|DELETE_RANGE contentMimeTypes=null ], x=0.0, y=0.0, text=, hint=   , input-type=589825, ime-target=false, has-links=false}
11-09 17:07:53.704  7877  7907 E TestRunner: |
11-09 17:07:53.704  7877  7907 E TestRunner: +---------->AppCompatImageView{id=16909475, res-name=search_close_btn, desc=Clear query, visibility=VISIBLE, width=0, height=0, has-focus=false, has-focusable=true, has-window-focus=true, is-clickable=true, is-enabled=true, is-focused=false, is-focusable=true, is-layout-requested=true, is-selected=false, layout-params=android.widget.LinearLayout$LayoutParams@YYYYYY, tag=null, root-is-layout-requested=false, has-input-connection=false, x=0.0, y=0.0}
11-09 17:07:53.704  7877  7907 E TestRunner: |
11-09 17:07:53.704  7877  7907 E TestRunner: +--------->LinearLayout{id=16909579, res-name=submit_area, visibility=GONE, width=0, height=0, has-focus=false, has-focusable=false, has-window-focus=true, is-clickable=false, is-enabled=true, is-focused=false, is-focusable=false, is-layout-requested=true, is-selected=false, layout-params=android.widget.LinearLayout$LayoutParams@YYYYYY, tag=null, root-is-layout-requested=false, has-input-connection=false, x=0.0, y=0.0, child-count=2}
11-09 17:07:53.704  7877  7907 E TestRunner: |
